// Jest Snapshot v1, https://goo.gl/fbAQLP

exports[`renders learn react link 1`] = `
Object {
  "asFragment": [Function],
  "baseElement": <body>
    <div>
      <form
        class="container"
      >
        <label>
          Positive Number
          <div
            style="display: contents;"
          >
            <input
              max="10"
              required=""
              type="number"
            />
          </div>
        </label>
        <label>
          Positive Number but validated after typing stops for 2000 millisecond
          <div
            style="display: contents;"
          >
            <input
              required=""
              type="number"
            />
          </div>
        </label>
        <label>
          Pokemon name
          <div
            style="display: contents;"
          >
            <input
              required=""
              type="text"
            />
          </div>
        </label>
        <label>
          Input without a wrapper to compare styling
          <input
            max="10"
            required=""
            type="number"
          />
        </label>
        <input
          type="submit"
        />
      </form>
    </div>
  </body>,
  "container": <div>
    <form
      class="container"
    >
      <label>
        Positive Number
        <div
          style="display: contents;"
        >
          <input
            max="10"
            required=""
            type="number"
          />
        </div>
      </label>
      <label>
        Positive Number but validated after typing stops for 2000 millisecond
        <div
          style="display: contents;"
        >
          <input
            required=""
            type="number"
          />
        </div>
      </label>
      <label>
        Pokemon name
        <div
          style="display: contents;"
        >
          <input
            required=""
            type="text"
          />
        </div>
      </label>
      <label>
        Input without a wrapper to compare styling
        <input
          max="10"
          required=""
          type="number"
        />
      </label>
      <input
        type="submit"
      />
    </form>
  </div>,
  "debug": [Function],
  "findAllByAltText": [Function],
  "findAllByDisplayValue": [Function],
  "findAllByLabelText": [Function],
  "findAllByPlaceholderText": [Function],
  "findAllByRole": [Function],
  "findAllByTestId": [Function],
  "findAllByText": [Function],
  "findAllByTitle": [Function],
  "findByAltText": [Function],
  "findByDisplayValue": [Function],
  "findByLabelText": [Function],
  "findByPlaceholderText": [Function],
  "findByRole": [Function],
  "findByTestId": [Function],
  "findByText": [Function],
  "findByTitle": [Function],
  "getAllByAltText": [Function],
  "getAllByDisplayValue": [Function],
  "getAllByLabelText": [Function],
  "getAllByPlaceholderText": [Function],
  "getAllByRole": [Function],
  "getAllByTestId": [Function],
  "getAllByText": [Function],
  "getAllByTitle": [Function],
  "getByAltText": [Function],
  "getByDisplayValue": [Function],
  "getByLabelText": [Function],
  "getByPlaceholderText": [Function],
  "getByRole": [Function],
  "getByTestId": [Function],
  "getByText": [Function],
  "getByTitle": [Function],
  "queryAllByAltText": [Function],
  "queryAllByDisplayValue": [Function],
  "queryAllByLabelText": [Function],
  "queryAllByPlaceholderText": [Function],
  "queryAllByRole": [Function],
  "queryAllByTestId": [Function],
  "queryAllByText": [Function],
  "queryAllByTitle": [Function],
  "queryByAltText": [Function],
  "queryByDisplayValue": [Function],
  "queryByLabelText": [Function],
  "queryByPlaceholderText": [Function],
  "queryByRole": [Function],
  "queryByTestId": [Function],
  "queryByText": [Function],
  "queryByTitle": [Function],
  "rerender": [Function],
  "unmount": [Function],
}
`;
